Found 1 test(s).
Skipping setup of unused database(s): default.
System check identified no issues (0 silenced).
cmd : test_analytics 
(unittest.loader._Fai
ledTest.test_analytic
s) ... ERROR
At line:1 char:1
+ cmd /c python 
manage.py test store.
tests.test_analytics 
-v 2 > test_o ...
+ ~~~~~~~~~~~~~~~~~~~
~~~~~~~~~~~~~~~~~~~~~
~~~~~~~~~~~~~~~~~~~~~
~~~~~~~~
    + CategoryInfo   
           : NotSpe  
  cified: (test_an   
 alytics ...tics)    
 ... ERROR:Strin    
g) [], RemoteExc    
eption
    + FullyQualified 
   ErrorId : Native  
  CommandError
 

=====================
=====================
=====================
=======
ERROR: 
test_analytics (unitt
est.loader._FailedTes
t.test_analytics)
---------------------
---------------------
---------------------
-------
AttributeError: 
module 'store.tests' 
has no attribute 
'test_analytics'

---------------------
---------------------
---------------------
-------
Ran 1 test in 0.001s

FAILED (errors=1)
